Created a log file for My App repository
